// Jest Snapshot v1, https://goo.gl/fbAQLP

exports[`correctlly renders a component should render quote component 1`] = `
<div
  className="quoteContainer"
>
  <h1>
    Best Quotes of maths
  </h1>
  <h4>
    Lorem ipsum, dolor sit amet consectetur adipisicing elit. Error fuga deleniti facilis ipsa odit, veniam hic quisquam optio nihil quas qui beatae dolores recusandae molestias sapiente expedita impedit, dolore consectetur.
  </h4>
</div>
`;
